input file name: -------------------------
| 2   8 |     3 | 5     |
|   1   |   7   | 4     |
| 7 4 9 |     5 | 1     |
-------------------------
|     3 |   5   | 6   4 |
| 4     | 8   9 |     1 |
| 9   1 |   4   | 2     |
-------------------------
|     2 | 5     | 8 6 7 |
|     4 |   9   |   1   |
|     7 | 1     | 9   5 |
-------------------------
<<row,col>>: ERROR at writeNum
-------------------------
| 2   8 |     3 | 5     |
|   1   |   7   | 4     |
| 7 4 9 |     5 | 1     |
-------------------------
|     3 |   5   | 6   4 |
| 4     | 8   9 |     1 |
| 9   1 |   4   | 2     |
-------------------------
|     2 | 5     | 8 6 7 |
|     4 |   9   |   1   |
|     7 | 1     | 9   5 |
-------------------------
<<row,col>>: attempts to quit
